// Jest Snapshot v1, https://goo.gl/fbAQLP

exports[`should render TodoDashboardPage correctly 1`] = `
<div>
  <Connect(TodoSummary) />
  <Connect(TodoListFilters) />
  <Connect(TodoList) />
</div>
`;
