// Jest Snapshot v1, https://goo.gl/fbAQLP

exports[`should render TodoSummary with 1 todo 1`] = `
<div
  className="page-header"
>
  <div
    className="content-container"
  >
    <h1
      className="page-header__title"
    >
      Viewing 
      <span>
        1
      </span>
       todo
       of 
      <span />
       totalling 
      <span>
        $1,234.50
      </span>
    </h1>
    <div
      className="page-header__actions"
    >
      <Link
        className="button"
        replace={false}
        to="/create"
      >
        Add todo
      </Link>
    </div>
  </div>
</div>
`;

exports[`should render TodoSummary with 2 todos 1`] = `
<div
  className="page-header"
>
  <div
    className="content-container"
  >
    <h1
      className="page-header__title"
    >
      Viewing 
      <span>
        2
      </span>
       todo
      s
       of 
      <span />
       totalling 
      <span>
        $1,234.50
      </span>
    </h1>
    <div
      className="page-header__actions"
    >
      <Link
        className="button"
        replace={false}
        to="/create"
      >
        Add todo
      </Link>
    </div>
  </div>
</div>
`;
